test_apply_nyquist_cutoff_removes_image_content (test_feed.TestFeed.test_apply_nyquist_cutoff_removes_image_content) ... ok
test_apply_nyquist_cutoff_requests_multiple_threads_for_large_signal (test_feed.TestFeed.test_apply_nyquist_cutoff_requests_multiple_threads_for_large_signal) ... ok
test_cap_ist_changes_to_baseline_peak_bounds_combined_peak (test_feed.TestFeed.test_cap_ist_changes_to_baseline_peak_bounds_combined_peak) ... ok
test_cap_ist_changes_to_baseline_peak_noop_when_not_needed (test_feed.TestFeed.test_cap_ist_changes_to_baseline_peak_noop_when_not_needed) ... ok
test_cap_ist_changes_to_baseline_peak_zero_baseline (test_feed.TestFeed.test_cap_ist_changes_to_baseline_peak_zero_baseline) ... ok
test_feed_block_boundary_test_fixture_is_representative (test_feed.TestFeed.test_feed_block_boundary_test_fixture_is_representative) ... ok
test_fft_thread_count_scoped_to_large_transforms (test_feed.TestFeed.test_fft_thread_count_scoped_to_large_transforms) ... ok
test_initialize_ist (test_feed.TestFeed.test_initialize_ist) ... ok
test_initialize_ist_scales_with_data_magnitude (test_feed.TestFeed.test_initialize_ist_scales_with_data_magnitude) ... ok
test_initialize_ist_zero_signal_stays_zero (test_feed.TestFeed.test_initialize_ist_zero_signal_stays_zero) ... ok
test_ist_adds_content_distinct_from_input_at_realistic_scale (test_feed.TestFeed.test_ist_adds_content_distinct_from_input_at_realistic_scale) ... ok
test_ist_no_dc_offset_on_real_programme_material (test_feed.TestFeed.test_ist_no_dc_offset_on_real_programme_material) ... ok
test_ist_pipeline_is_scale_invariant_within_float32_precision (test_feed.TestFeed.test_ist_pipeline_is_scale_invariant_within_float32_precision) ... ok
test_iterative_soft_thresholding_blocks_restore_multiple_bands (test_feed.TestFeed.test_iterative_soft_thresholding_blocks_restore_multiple_bands) ... ok
test_iterative_soft_thresholding_chains_across_iterations (test_feed.TestFeed.test_iterative_soft_thresholding_chains_across_iterations) ... ok
test_iterative_soft_thresholding_no_block_boundary_discontinuity (test_feed.TestFeed.test_iterative_soft_thresholding_no_block_boundary_discontinuity) ... ok
test_iterative_soft_thresholding_output_has_no_dc_offset (test_feed.TestFeed.test_iterative_soft_thresholding_output_has_no_dc_offset) ... ok
test_iterative_soft_thresholding_stops_early_once_converged (test_feed.TestFeed.test_iterative_soft_thresholding_stops_early_once_converged) ... ok
test_new_interpolation_algorithm (test_feed.TestFeed.test_new_interpolation_algorithm) ... ok
test_new_interpolation_algorithm_identity_at_upscale_factor_one (test_feed.TestFeed.test_new_interpolation_algorithm_identity_at_upscale_factor_one) ... ok
test_new_interpolation_algorithm_no_imaging_above_original_nyquist (test_feed.TestFeed.test_new_interpolation_algorithm_no_imaging_above_original_nyquist) ... ok
test_new_interpolation_algorithm_odd_length_passthrough (test_feed.TestFeed.test_new_interpolation_algorithm_odd_length_passthrough) ... ok
test_no_block_hop_boundary_curvature_bump (test_feed.TestFeed.test_no_block_hop_boundary_curvature_bump) ... ok
test_normalize_signal (test_feed.TestFeed.test_normalize_signal) ... ok
test_perform_ist_iteration_never_keeps_dc_bin (test_feed.TestFeed.test_perform_ist_iteration_never_keeps_dc_bin) ... ok
test_read_audio (test_feed.TestFeed.test_read_audio) ... ok
test_read_audio_does_not_corrupt_channel_counts_above_stereo (test_feed.TestFeed.test_read_audio_does_not_corrupt_channel_counts_above_stereo) ... ok
test_read_audio_unsupported_format_computes_bitrate_from_duration (test_feed.TestFeed.test_read_audio_unsupported_format_computes_bitrate_from_duration) ... ok
test_upscale_channels (test_feed.TestFeed.test_upscale_channels) ... INFO:fat_llama_fftw.audio_fattener.feed:Interpolating data...
INFO:fat_llama_fftw.audio_fattener.feed:Performing IST...
INFO:fat_llama_fftw.audio_fattener.feed:Interpolating data...
INFO:fat_llama_fftw.audio_fattener.feed:Performing IST...
ok
test_upscale_channels_ist_does_not_net_attenuate_real_material (test_feed.TestFeed.test_upscale_channels_ist_does_not_net_attenuate_real_material) ... INFO:fat_llama_fftw.audio_fattener.feed:Interpolating data...
INFO:fat_llama_fftw.audio_fattener.feed:Performing IST...
ok
test_upscale_channels_ist_does_not_net_attenuate_untouched_band (test_feed.TestFeed.test_upscale_channels_ist_does_not_net_attenuate_untouched_band) ... INFO:fat_llama_fftw.audio_fattener.feed:Interpolating data...
INFO:fat_llama_fftw.audio_fattener.feed:Performing IST...
ok
test_upscale_channels_mono_skips_thread_pool (test_feed.TestFeed.test_upscale_channels_mono_skips_thread_pool) ... INFO:fat_llama_fftw.audio_fattener.feed:Interpolating data...
INFO:fat_llama_fftw.audio_fattener.feed:Performing IST...
ok
test_upscale_channels_parallel_matches_sequential_per_channel (test_feed.TestFeed.test_upscale_channels_parallel_matches_sequential_per_channel) ... INFO:fat_llama_fftw.audio_fattener.feed:Interpolating data...
INFO:fat_llama_fftw.audio_fattener.feed:Interpolating data...
INFO:fat_llama_fftw.audio_fattener.feed:Performing IST...
INFO:fat_llama_fftw.audio_fattener.feed:Performing IST...
INFO:fat_llama_fftw.audio_fattener.feed:Interpolating data...
INFO:fat_llama_fftw.audio_fattener.feed:Performing IST...
INFO:fat_llama_fftw.audio_fattener.feed:Interpolating data...
INFO:fat_llama_fftw.audio_fattener.feed:Performing IST...
ok
test_upscale_channels_thresholded_out_is_pure_interpolation (test_feed.TestFeed.test_upscale_channels_thresholded_out_is_pure_interpolation) ... INFO:fat_llama_fftw.audio_fattener.feed:Interpolating data...
INFO:fat_llama_fftw.audio_fattener.feed:Interpolating data...
INFO:fat_llama_fftw.audio_fattener.feed:Performing IST...
INFO:fat_llama_fftw.audio_fattener.feed:Performing IST...
ok
test_upscale_clamps_upscale_factor_to_one_for_high_bitrate_source (test_feed.TestFeed.test_upscale_clamps_upscale_factor_to_one_for_high_bitrate_source) ... ok
test_upscale_factor_one_from_moderately_high_bitrate_source_no_warning (test_feed.TestFeed.test_upscale_factor_one_from_moderately_high_bitrate_source_no_warning) ... INFO:fat_llama_fftw.audio_fattener.feed:Loading WAV file...
INFO:fat_llama_fftw.audio_fattener.feed:Original WAV bitrate: 2116.80 kbps
INFO:fat_llama_fftw.audio_fattener.feed:Upscale factor set to: 1
INFO:fat_llama_fftw.audio_fattener.feed:Stereo channels detected.
INFO:fat_llama_fftw.audio_fattener.feed:Upscaling and processing channels...
INFO:fat_llama_fftw.audio_fattener.feed:Interpolating data...
INFO:fat_llama_fftw.audio_fattener.feed:Performing IST...
INFO:fat_llama_fftw.audio_fattener.feed:Interpolating data...
INFO:fat_llama_fftw.audio_fattener.feed:Performing IST...
INFO:fat_llama_fftw.audio_fattener.feed:Auto-scaling amplitudes based on original audio...
INFO:fat_llama_fftw.audio_fattener.feed:Removing content above the original Nyquist frequency...
INFO:fat_llama_fftw.audio_fattener.feed:Normalizing audio...
INFO:fat_llama_fftw.audio_fattener.feed:Saved processed FLAC file at out.flac
ok
test_upscale_output_never_exceeds_full_scale (test_feed.TestFeed.test_upscale_output_never_exceeds_full_scale) ... INFO:fat_llama_fftw.audio_fattener.feed:Loading MP3 file...
INFO:fat_llama_fftw.audio_fattener.feed:Original MP3 bitrate: 192.00 kbps
INFO:fat_llama_fftw.audio_fattener.feed:Upscale factor set to: 7
INFO:fat_llama_fftw.audio_fattener.feed:Stereo channels detected.
INFO:fat_llama_fftw.audio_fattener.feed:Upscaling and processing channels...
INFO:fat_llama_fftw.audio_fattener.feed:Interpolating data...
INFO:fat_llama_fftw.audio_fattener.feed:Interpolating data...
INFO:fat_llama_fftw.audio_fattener.feed:Performing IST...
INFO:fat_llama_fftw.audio_fattener.feed:Performing IST...
INFO:fat_llama_fftw.audio_fattener.feed:Auto-scaling amplitudes based on original audio...
INFO:fat_llama_fftw.audio_fattener.feed:Removing content above the original Nyquist frequency...
INFO:fat_llama_fftw.audio_fattener.feed:Normalizing audio...
INFO:fat_llama_fftw.audio_fattener.feed:Saved processed FLAC file at out.flac
ok
test_upscale_wires_apply_nyquist_cutoff (test_feed.TestFeed.test_upscale_wires_apply_nyquist_cutoff) ... INFO:fat_llama_fftw.audio_fattener.feed:Loading MP3 file...
INFO:fat_llama_fftw.audio_fattener.feed:Upscale factor set to: 4
INFO:fat_llama_fftw.audio_fattener.feed:Stereo channels detected.
INFO:fat_llama_fftw.audio_fattener.feed:Upscaling and processing channels...
INFO:fat_llama_fftw.audio_fattener.feed:Interpolating data...
INFO:fat_llama_fftw.audio_fattener.feed:Interpolating data...
INFO:fat_llama_fftw.audio_fattener.feed:Performing IST...
INFO:fat_llama_fftw.audio_fattener.feed:Performing IST...
INFO:fat_llama_fftw.audio_fattener.feed:Auto-scaling amplitudes based on original audio...
INFO:fat_llama_fftw.audio_fattener.feed:Removing content above the original Nyquist frequency...
INFO:fat_llama_fftw.audio_fattener.feed:Normalizing audio...
INFO:fat_llama_fftw.audio_fattener.feed:Saved processed FLAC file at out.flac
ok
test_upscale_writes_valid_flac_end_to_end_on_disk (test_feed.TestFeed.test_upscale_writes_valid_flac_end_to_end_on_disk) ... INFO:fat_llama_fftw.audio_fattener.feed:Loading MP3 file...
INFO:fat_llama_fftw.audio_fattener.feed:Original MP3 bitrate: 192.00 kbps
INFO:fat_llama_fftw.audio_fattener.feed:Upscale factor set to: 7
INFO:fat_llama_fftw.audio_fattener.feed:Stereo channels detected.
INFO:fat_llama_fftw.audio_fattener.feed:Upscaling and processing channels...
INFO:fat_llama_fftw.audio_fattener.feed:Interpolating data...
INFO:fat_llama_fftw.audio_fattener.feed:Interpolating data...
INFO:fat_llama_fftw.audio_fattener.feed:Performing IST...
INFO:fat_llama_fftw.audio_fattener.feed:Performing IST...
INFO:fat_llama_fftw.audio_fattener.feed:Auto-scaling amplitudes based on original audio...
INFO:fat_llama_fftw.audio_fattener.feed:Removing content above the original Nyquist frequency...
INFO:fat_llama_fftw.audio_fattener.feed:Normalizing audio...
INFO:fat_llama_fftw.audio_fattener.feed:Saved processed FLAC file at C:\Users\bulkg\AppData\Local\Temp\tmp1ps7w0ep\output_test.flac
ok
test_write_audio (test_feed.TestFeed.test_write_audio) ... ok
test_write_audio_rejects_unsupported_format (test_feed.TestFeed.test_write_audio_rejects_unsupported_format) ... ok
test_write_audio_roundtrip_preserves_audio_properties_on_disk (test_feed.TestFeed.test_write_audio_roundtrip_preserves_audio_properties_on_disk) ... C:\Users\bulkg\OneDrive\Documents\Projects\fat_llama_fftw\venv\Lib\site-packages\pydub\utils.py:14: DeprecationWarning: 'audioop' is deprecated and slated for removal in Python 3.13
  import audioop
ok
test_write_audio_wav_uses_wav_container (test_feed.TestFeed.test_write_audio_wav_uses_wav_container) ... ok

----------------------------------------------------------------------
Ran 43 tests in 6.946s

OK
